[themes.potenzaglobalsolutions.com/html/academic/index.html]
[backblue.gif]
[fade.gif]
[index.html]
[themes.potenzaglobalsolutions.com/html/academic/images/favicon.ico]
[themes.potenzaglobalsolutions.com/html/academic/css/font-awesome/all.min.css]
[themes.potenzaglobalsolutions.com/html/academic/css/flaticon/flaticon.css]
[themes.potenzaglobalsolutions.com/html/academic/css/bootstrap/bootstrap.min.css]
[themes.potenzaglobalsolutions.com/html/academic/css/select2/select2.css]
[themes.potenzaglobalsolutions.com/html/academic/css/owl-carousel/owl.carousel.min.css]
[themes.potenzaglobalsolutions.com/html/academic/css/magnific-popup/magnific-popup.css]
[themes.potenzaglobalsolutions.com/html/academic/css/swiper/swiper.min.css]
[themes.potenzaglobalsolutions.com/html/academic/css/animate/animate.min.css]
[themes.potenzaglobalsolutions.com/html/academic/css/style.css]
[themes.potenzaglobalsolutions.com/html/academic/index-2.html]
[themes.potenzaglobalsolutions.com/html/academic/index-02.html]
[themes.potenzaglobalsolutions.com/html/academic/index-03.html]
[themes.potenzaglobalsolutions.com/html/academic/about-us.html]
[themes.potenzaglobalsolutions.com/html/academic/teachers.html]
[themes.potenzaglobalsolutions.com/html/academic/teachers-single.html]
[themes.potenzaglobalsolutions.com/html/academic/gallery.html]
[themes.potenzaglobalsolutions.com/html/academic/pricing.html]
[themes.potenzaglobalsolutions.com/html/academic/faq.html]
[themes.potenzaglobalsolutions.com/html/academic/sign-in.html]
[themes.potenzaglobalsolutions.com/html/academic/sign-up.html]
[themes.potenzaglobalsolutions.com/html/academic/error-page.html]
[themes.potenzaglobalsolutions.com/html/academic/coming-soon.html]
[themes.potenzaglobalsolutions.com/html/academic/privacy-policy.html]
[themes.potenzaglobalsolutions.com/html/academic/terms-and-conditions.html]
[themes.potenzaglobalsolutions.com/html/academic/course.html]
[themes.potenzaglobalsolutions.com/html/academic/course-detail.html]
[themes.potenzaglobalsolutions.com/html/academic/events-list.html]
[themes.potenzaglobalsolutions.com/html/academic/events-grid.html]
[themes.potenzaglobalsolutions.com/html/academic/event-detail.html]
[themes.potenzaglobalsolutions.com/html/academic/blog.html]
[themes.potenzaglobalsolutions.com/html/academic/blog-detail.html]
[themes.potenzaglobalsolutions.com/html/academic/contact-us.html]
[themes.potenzaglobalsolutions.com/html/academic/images/bg/01.jpg]
[themes.potenzaglobalsolutions.com/html/academic/images/bg/03.jpg]
[themes.potenzaglobalsolutions.com/html/academic/images/about/01.jpg]
[themes.potenzaglobalsolutions.com/html/academic/images/about/02.jpg]
[themes.potenzaglobalsolutions.com/html/academic/images/about/03.jpg]
[themes.potenzaglobalsolutions.com/html/academic/images/bg/09.jpg]
[themes.potenzaglobalsolutions.com/html/academic/images/courses/01.jpg]
[themes.potenzaglobalsolutions.com/html/academic/images/avatar/01.jpg]
[themes.potenzaglobalsolutions.com/html/academic/images/courses/02.jpg]
[themes.potenzaglobalsolutions.com/html/academic/images/avatar/04.jpg]
[themes.potenzaglobalsolutions.com/html/academic/images/courses/03.jpg]
[themes.potenzaglobalsolutions.com/html/academic/images/avatar/02.jpg]
[themes.potenzaglobalsolutions.com/html/academic/images/courses/05.jpg]
[themes.potenzaglobalsolutions.com/html/academic/images/avatar/05.jpg]
[themes.potenzaglobalsolutions.com/html/academic/images/courses/04.jpg]
[themes.potenzaglobalsolutions.com/html/academic/images/avatar/03.jpg]
[themes.potenzaglobalsolutions.com/html/academic/images/courses/06.jpg]
[themes.potenzaglobalsolutions.com/html/academic/images/avatar/06.jpg]
[themes.potenzaglobalsolutions.com/html/academic/images/bg/05.jpg]
[themes.potenzaglobalsolutions.com/html/academic/images/about/pattern.png]
[themes.potenzaglobalsolutions.com/html/academic/images/events/01.jpg]
[themes.potenzaglobalsolutions.com/html/academic/images/events/02.jpg]
[themes.potenzaglobalsolutions.com/html/academic/images/events/03.jpg]
[themes.potenzaglobalsolutions.com/html/academic/images/team/01.jpg]
[themes.potenzaglobalsolutions.com/html/academic/images/team/02.jpg]
[themes.potenzaglobalsolutions.com/html/academic/images/team/03.jpg]
[themes.potenzaglobalsolutions.com/html/academic/images/blog/02.jpg]
[themes.potenzaglobalsolutions.com/html/academic/images/blog/05.jpg]
[themes.potenzaglobalsolutions.com/html/academic/images/blog/01.jpg]
[themes.potenzaglobalsolutions.com/html/academic/images/blog/08.jpg]
[themes.potenzaglobalsolutions.com/html/academic/js/jquery-3.5.1.min.js]
[themes.potenzaglobalsolutions.com/html/academic/js/popper/popper.min.js]
[themes.potenzaglobalsolutions.com/html/academic/js/bootstrap/bootstrap.min.js]
[themes.potenzaglobalsolutions.com/html/academic/js/jquery.appear.js]
[themes.potenzaglobalsolutions.com/html/academic/js/counter/jquery.countTo.js]
[themes.potenzaglobalsolutions.com/html/academic/js/select2/select2.full.js]
[themes.potenzaglobalsolutions.com/html/academic/js/owl-carousel/owl.carousel.min.js]
[themes.potenzaglobalsolutions.com/html/academic/js/swiper/swiper.min.js]
[themes.potenzaglobalsolutions.com/html/academic/js/swiperanimation/SwiperAnimation.min.js]
[themes.potenzaglobalsolutions.com/html/academic/js/magnific-popup/jquery.magnific-popup.min.js]
[themes.potenzaglobalsolutions.com/html/academic/js/jarallax/jarallax.js]
[themes.potenzaglobalsolutions.com/html/academic/js/shuffle/shuffle.min.js]
[themes.potenzaglobalsolutions.com/html/academic/js/custom.js]
[themes.potenzaglobalsolutions.com/html/academic/index.html]
[themes.potenzaglobalsolutions.com/html/academic/fonts/fa-brands-400.eot]
[themes.potenzaglobalsolutions.com/html/academic/fonts/fa-brands-400d41d.eot]
[themes.potenzaglobalsolutions.com/html/academic/fonts/fa-brands-400.woff2]
[themes.potenzaglobalsolutions.com/html/academic/fonts/fa-brands-400.woff]
[themes.potenzaglobalsolutions.com/html/academic/fonts/fa-brands-400.ttf]
[themes.potenzaglobalsolutions.com/html/academic/fonts/fa-regular-400.eot]
[themes.potenzaglobalsolutions.com/html/academic/fonts/fa-regular-400d41d.eot]
[themes.potenzaglobalsolutions.com/html/academic/fonts/fa-regular-400.woff2]
[themes.potenzaglobalsolutions.com/html/academic/fonts/fa-regular-400.woff]
[themes.potenzaglobalsolutions.com/html/academic/fonts/fa-regular-400.ttf]
[themes.potenzaglobalsolutions.com/html/academic/fonts/fa-solid-900.eot]
[themes.potenzaglobalsolutions.com/html/academic/fonts/fa-solid-900d41d.eot]
[themes.potenzaglobalsolutions.com/html/academic/fonts/fa-solid-900.woff2]
[themes.potenzaglobalsolutions.com/html/academic/fonts/fa-solid-900.woff]
[themes.potenzaglobalsolutions.com/html/academic/fonts/fa-solid-900.ttf]
[themes.potenzaglobalsolutions.com/html/academic/css/font-awesome/all.min.css]
[themes.potenzaglobalsolutions.com/html/academic/fonts/Flaticon.eot]
[themes.potenzaglobalsolutions.com/html/academic/fonts/Flaticond41d.eot]
[themes.potenzaglobalsolutions.com/html/academic/fonts/Flaticon.woff2]
[themes.potenzaglobalsolutions.com/html/academic/fonts/Flaticon.woff]
[themes.potenzaglobalsolutions.com/html/academic/fonts/Flaticon.ttf]
[themes.potenzaglobalsolutions.com/html/academic/css/flaticon/flaticon.css]
[themes.potenzaglobalsolutions.com/html/academic/css/bootstrap/bootstrap.min.css]
[themes.potenzaglobalsolutions.com/html/academic/css/select2/select2.css]
[themes.potenzaglobalsolutions.com/html/academic/css/owl-carousel/owl.carousel.min.css]
[themes.potenzaglobalsolutions.com/html/academic/css/magnific-popup/magnific-popup.css]
[themes.potenzaglobalsolutions.com/html/academic/css/swiper/swiper.min.css]
[themes.potenzaglobalsolutions.com/html/academic/css/animate/animate.min.css]
[themes.potenzaglobalsolutions.com/html/academic/images/bg/06.jpg]
[themes.potenzaglobalsolutions.com/html/academic/css/style.css]
[themes.potenzaglobalsolutions.com/html/academic/index-2.html]
[themes.potenzaglobalsolutions.com/html/academic/images/logo.svg]
[themes.potenzaglobalsolutions.com/html/academic/images/about/05.jpg]
[themes.potenzaglobalsolutions.com/html/academic/images/about/06.jpg]
[themes.potenzaglobalsolutions.com/html/academic/images/events/list/01.jpg]
[themes.potenzaglobalsolutions.com/html/academic/images/events/list/02.jpg]
[themes.potenzaglobalsolutions.com/html/academic/images/team/09.jpg]
[themes.potenzaglobalsolutions.com/html/academic/images/team/10.jpg]
[themes.potenzaglobalsolutions.com/html/academic/images/team/11.jpg]
[themes.potenzaglobalsolutions.com/html/academic/images/team/12.jpg]
[themes.potenzaglobalsolutions.com/html/academic/images/blog/09.jpg]
[themes.potenzaglobalsolutions.com/html/academic/index-02.html]
[themes.potenzaglobalsolutions.com/html/academic/images/about/07.png]
[themes.potenzaglobalsolutions.com/html/academic/images/gallery/02.jpg]
[themes.potenzaglobalsolutions.com/html/academic/images/gallery/03.jpg]
[themes.potenzaglobalsolutions.com/html/academic/images/gallery/04.jpg]
[themes.potenzaglobalsolutions.com/html/academic/images/gallery/05.jpg]
[themes.potenzaglobalsolutions.com/html/academic/images/gallery/06.jpg]
[themes.potenzaglobalsolutions.com/html/academic/images/gallery/01.jpg]
[themes.potenzaglobalsolutions.com/html/academic/images/about/08.jpg]
[themes.potenzaglobalsolutions.com/html/academic/images/bg/07.jpg]
[themes.potenzaglobalsolutions.com/html/academic/js/jarallax/jarallax.min.js]
[themes.potenzaglobalsolutions.com/html/academic/js/jarallax/jarallax-video.min.js]
[themes.potenzaglobalsolutions.com/html/academic/index-03.html]
[themes.potenzaglobalsolutions.com/html/academic/images/bg/04.jpg]
[themes.potenzaglobalsolutions.com/html/academic/images/about/about-01.jpg]
[themes.potenzaglobalsolutions.com/html/academic/about-us.html]
[themes.potenzaglobalsolutions.com/html/academic/images/bg/10.jpg]
[themes.potenzaglobalsolutions.com/html/academic/images/team/07.jpg]
[themes.potenzaglobalsolutions.com/html/academic/images/team/08.jpg]
[themes.potenzaglobalsolutions.com/html/academic/images/team/04.jpg]
[themes.potenzaglobalsolutions.com/html/academic/images/team/05.jpg]
[themes.potenzaglobalsolutions.com/html/academic/images/team/06.jpg]
[themes.potenzaglobalsolutions.com/html/academic/teachers.html]
[themes.potenzaglobalsolutions.com/html/academic/teachers-single.html]
[themes.potenzaglobalsolutions.com/html/academic/gallery.html]
[themes.potenzaglobalsolutions.com/html/academic/pricing.html]
[themes.potenzaglobalsolutions.com/html/academic/faq.html]
[themes.potenzaglobalsolutions.com/html/academic/sign-in.html]
[themes.potenzaglobalsolutions.com/html/academic/sign-up.html]
[themes.potenzaglobalsolutions.com/html/academic/error-page.html]
[themes.potenzaglobalsolutions.com/html/academic/images/bg/02.jpg]
[themes.potenzaglobalsolutions.com/html/academic/js/countdown/jquery.downCount.js]
[themes.potenzaglobalsolutions.com/html/academic/coming-soon.html]
[themes.potenzaglobalsolutions.com/html/academic/privacy-policy.html]
[themes.potenzaglobalsolutions.com/html/academic/images/bg/08.jpg]
[themes.potenzaglobalsolutions.com/html/academic/terms-and-conditions.html]
[themes.potenzaglobalsolutions.com/html/academic/course.html]
[themes.potenzaglobalsolutions.com/html/academic/images/blog/03.jpg]
[themes.potenzaglobalsolutions.com/html/academic/images/events/04.jpg]
[themes.potenzaglobalsolutions.com/html/academic/course-detail.html]
[themes.potenzaglobalsolutions.com/html/academic/images/events/05.jpg]
[themes.potenzaglobalsolutions.com/html/academic/images/events/06.jpg]
[themes.potenzaglobalsolutions.com/html/academic/events-list.html]
[themes.potenzaglobalsolutions.com/html/academic/images/bg/12.jpg]
[themes.potenzaglobalsolutions.com/html/academic/events-grid.html]
[themes.potenzaglobalsolutions.com/html/academic/images/bg/11.jpg]
[themes.potenzaglobalsolutions.com/html/academic/event-detail.html]
[themes.potenzaglobalsolutions.com/html/academic/images/blog/04.jpg]
[themes.potenzaglobalsolutions.com/html/academic/images/blog/06.jpg]
[themes.potenzaglobalsolutions.com/html/academic/blog.html]
[themes.potenzaglobalsolutions.com/html/academic/blog-detail.html]
[themes.potenzaglobalsolutions.com/html/academic/contact-us.html]
[themes.potenzaglobalsolutions.com/html/academic/images/logo-light.svg]
[themes.potenzaglobalsolutions.com/html/academic/fonts/fa-brands-400.svg]
[themes.potenzaglobalsolutions.com/html/academic/fonts/fa-regular-400.svg]
[themes.potenzaglobalsolutions.com/html/academic/fonts/fa-solid-900.svg]
[themes.potenzaglobalsolutions.com/html/academic/fonts/Flaticon.svg]
[themes.potenzaglobalsolutions.com/html/academic/css/owl-carousel/owl.video.play.html]
[themes.potenzaglobalsolutions.com/html/academic/images/client/01.svg]
[themes.potenzaglobalsolutions.com/html/academic/images/client/02.svg]
[themes.potenzaglobalsolutions.com/html/academic/images/client/03.svg]
[themes.potenzaglobalsolutions.com/html/academic/images/client/04.svg]
[themes.potenzaglobalsolutions.com/html/academic/images/client/05.svg]
[themes.potenzaglobalsolutions.com/html/academic/images/client/06.svg]
[themes.potenzaglobalsolutions.com/html/academic/images/client/07.svg]
[themes.potenzaglobalsolutions.com/html/academic/js/jquery-3.4.1.min.html]
